// Jest Snapshot v1, https://goo.gl/fbAQLP

exports[`question-helpers generateQuestions should return all questions if no skip flag is passed 1`] = `
Array [
  Object {
    "format": [Function],
    "hint": "gatsby",
    "initial": "hello-world",
    "message": "What would you like to name the folder where your site will be created?",
    "name": "project",
    "separator": "/",
    "skip": false,
    "type": "textinput",
    "validate": [Function],
  },
  Object {
    "choices": Array [
      Object {
        "message": "JavaScript",
        "name": "js",
      },
      Object {
        "message": "TypeScript",
        "name": "ts",
      },
    ],
    "hint": "(Single choice) Arrow keys to move, enter to confirm",
    "message": "Will you be using JavaScript or TypeScript?",
    "name": "language",
    "type": "selectinput",
  },
  Object {
    "choices": Array [
      Object {
        "message": "No (or I'll add it later)",
        "name": "none",
      },
      Object {
        "message": "–",
        "name": "–",
        "role": "separator",
      },
      Object {
        "message": "Contentful",
        "name": "gatsby-source-contentful",
      },
      Object {
        "message": "DatoCMS",
        "name": "gatsby-source-datocms",
      },
      Object {
        "message": "Netlify CMS",
        "name": "gatsby-plugin-netlify-cms",
      },
      Object {
        "message": "Sanity",
        "name": "gatsby-source-sanity",
      },
      Object {
        "message": "Shopify",
        "name": "gatsby-source-shopify",
      },
      Object {
        "message": "WordPress",
        "name": "gatsby-source-wordpress",
      },
    ],
    "hint": "(Single choice) Arrow keys to move, enter to confirm",
    "message": "Will you be using a CMS?",
    "name": "cms",
    "type": "selectinput",
  },
  Object {
    "choices": Array [
      Object {
        "message": "No (or I'll add it later)",
        "name": "none",
      },
      Object {
        "message": "–",
        "name": "–",
        "role": "separator",
      },
      Object {
        "message": "Emotion",
        "name": "gatsby-plugin-emotion",
      },
      Object {
        "message": "PostCSS",
        "name": "gatsby-plugin-postcss",
      },
      Object {
        "message": "Sass",
        "name": "gatsby-plugin-sass",
      },
      Object {
        "message": "styled-components",
        "name": "gatsby-plugin-styled-components",
      },
      Object {
        "message": "Theme UI",
        "name": "gatsby-plugin-theme-ui",
      },
    ],
    "hint": "(Single choice) Arrow keys to move, enter to confirm",
    "message": "Would you like to install a styling system?",
    "name": "styling",
    "type": "selectinput",
  },
  Object {
    "choices": Array [
      Object {
        "message": "Add the Google Analytics tracking script",
        "name": "gatsby-plugin-google-analytics",
      },
      Object {
        "message": "Add responsive images",
        "name": "gatsby-plugin-image",
      },
      Object {
        "message": "Add page meta tags with React Helmet",
        "name": "gatsby-plugin-react-helmet",
      },
      Object {
        "message": "Add an automatic sitemap",
        "name": "gatsby-plugin-sitemap",
      },
      Object {
        "message": "Generate a manifest file",
        "name": "gatsby-plugin-manifest",
      },
      Object {
        "message": "Add Markdown and MDX support",
        "name": "gatsby-plugin-mdx",
      },
      Object {
        "message": "Add Markdown support (without MDX)",
        "name": "gatsby-transformer-remark",
      },
    ],
    "hint": "(Multiple choice) Use arrow keys to move, spacebar to select, and confirm with an enter on \\"Done\\"",
    "message": "Would you like to install additional features with other plugins?",
    "name": "features",
    "type": "multiselectinput",
  },
]
`;

exports[`question-helpers generateQuestions should return one question if the skip flag is passed 1`] = `
Object {
  "format": [Function],
  "hint": "gatsby",
  "initial": "hello-world",
  "message": "What would you like to name the folder where your site will be created?",
  "name": "project",
  "separator": "/",
  "skip": true,
  "type": "textinput",
  "validate": [Function],
}
`;
